// Jest Snapshot v1, https://goo.gl/fbAQLP

exports[`[component] Error should match snapshot 1`] = `
<View
  pointerEvents="box-none"
  style={
    Object {
      "flex": 1,
    }
  }
>
  <View
    collapsable={true}
    pointerEvents="box-none"
    style={
      Object {
        "flex": 1,
      }
    }
  >
    <Text>
      Ah ah ah, you didn't say the magic word.
    </Text>
  </View>
</View>
`;
