// Jest Snapshot v1, https://goo.gl/fbAQLP

exports[`[routes] splash should match snapshot 1`] = `
<View
  pointerEvents="box-none"
  style={
    Object {
      "flex": 1,
    }
  }
>
  <View
    collapsable={true}
    pointerEvents="box-none"
    style={
      Object {
        "flex": 1,
      }
    }
  >
    <View
      style={
        Object {
          "alignItems": "center",
          "backgroundColor": "#0e2f4b",
          "flex": 1,
          "justifyContent": "center",
        }
      }
    >
      <Image
        resizeMode="contain"
        source={
          Object {
            "testUri": "../../../assets/images/logo.png",
          }
        }
        style={
          Object {
            "height": 240,
            "width": 90,
          }
        }
      />
      <Text
        style={
          Object {
            "color": "#fff",
            "fontFamily": "Lato-Bold",
            "fontSize": 30,
            "fontWeight": "bold",
          }
        }
      >
        Bookworm
      </Text>
    </View>
  </View>
</View>
`;
